
> nexus@0.0.0 build
> tsc -b && vite build

(!) Your Vite config uses features that are unsupported by `configLoader: 'native'`, which is planned to become the default in a future major version of Vite:
  - `__dirname` (vite.config.ts:10:25). Use `import.meta.dirname` instead
Set `VITE_CONFIG_NATIVE_IGNORE_WARNING=true` to suppress this warning.
vite v8.2.2 building client environment for production...
transforming...

warn - The `content` option in your Tailwind CSS configuration is missing or empty.
warn - Configure your content sources or your generated CSS will be missing styles.
warn - https://tailwindcss.com/docs/content-configuration
✓ 1882 modules transformed.
rendering chunks...
computing gzip size...
dist/index.html                   0.46 kB │ gzip:   0.30 kB
dist/assets/index-DGNrK5qb.css    1.78 kB │ gzip:   0.81 kB
dist/assets/index-BCVO1Okw.js   387.27 kB │ gzip: 114.53 kB

✓ built in 12.71s
[PLUGIN_TIMINGS] Plugin hooks ran for 12.4s of this 12.7s build (98%).
The slowest hooks, timed inside each callback (the wait before a callback starts is excluded, the time it awaits is included):
  - vite:build-html transform (95%, 12.1s, 1 call)
Additional hook time came from hooks under 1s.
See https://rolldown.rs/reference/InputOptions.checks#plugintimings for more details.

