Collecting fastapi
  Downloading fastapi-0.141.1-py3-none-any.whl.metadata (27 kB)
Collecting cryptography
  Downloading cryptography-50.0.1-cp311-abi3-win_amd64.whl.metadata (4.3 kB)
Collecting starlette>=0.46.0 (from fastapi)
  Downloading starlette-1.6.0-py3-none-any.whl.metadata (6.4 kB)
Collecting pydantic>=2.9.0 (from fastapi)
  Downloading pydantic-2.13.5-py3-none-any.whl.metadata (110 kB)
Collecting typing-extensions>=4.8.0 (from fastapi)
  Downloading typing_extensions-4.16.0-py3-none-any.whl.metadata (3.3 kB)
Collecting typing-inspection>=0.4.2 (from fastapi)
  Downloading typing_inspection-0.4.4-py3-none-any.whl.metadata (2.6 kB)
Collecting annotated-doc>=0.0.2 (from fastapi)
  Downloading annotated_doc-0.0.5-py3-none-any.whl.metadata (6.5 kB)
Collecting cffi>=2.0.0 (from cryptography)
  Downloading cffi-2.1.1-cp314-cp314-win_amd64.whl.metadata (2.6 kB)
Collecting pycparser (from cffi>=2.0.0->cryptography)
  Downloading pycparser-3.0-py3-none-any.whl.metadata (8.2 kB)
Collecting annotated-types>=0.6.0 (from pydantic>=2.9.0->fastapi)
  Downloading annotated_types-0.8.0-py3-none-any.whl.metadata (15 kB)
Collecting pydantic-core==2.46.5 (from pydantic>=2.9.0->fastapi)
  Downloading pydantic_core-2.46.5-cp314-cp314-win_amd64.whl.metadata (6.7 kB)
Collecting anyio<5,>=3.6.2 (from starlette>=0.46.0->fastapi)
  Downloading anyio-4.14.2-py3-none-any.whl.metadata (4.6 kB)
Collecting idna>=2.8 (from anyio<5,>=3.6.2->starlette>=0.46.0->fastapi)
  Downloading idna-3.19-py3-none-any.whl.metadata (9.2 kB)
Downloading fastapi-0.141.1-py3-none-any.whl (131 kB)
Downloading cryptography-50.0.1-cp311-abi3-win_amd64.whl (3.8 MB)
   ---------------------------------------- 3.8/3.8 MB 6.9 MB/s  0:00:00
Downloading annotated_doc-0.0.5-py3-none-any.whl (5.3 kB)
Downloading cffi-2.1.1-cp314-cp314-win_amd64.whl (187 kB)
Downloading pydantic-2.13.5-py3-none-any.whl (472 kB)
Downloading pydantic_core-2.46.5-cp314-cp314-win_amd64.whl (2.0 MB)
   ---------------------------------------- 2.0/2.0 MB 5.9 MB/s  0:00:00
Downloading annotated_types-0.8.0-py3-none-any.whl (13 kB)
Downloading starlette-1.6.0-py3-none-any.whl (75 kB)
Downloading anyio-4.14.2-py3-none-any.whl (125 kB)
Downloading idna-3.19-py3-none-any.whl (68 kB)
Downloading typing_extensions-4.16.0-py3-none-any.whl (45 kB)
Downloading typing_inspection-0.4.4-py3-none-any.whl (14 kB)
Downloading pycparser-3.0-py3-none-any.whl (48 kB)
Installing collected packages: typing-extensions, pycparser, idna, annotated-types, annotated-doc, typing-inspection, pydantic-core, cffi, anyio, starlette, pydantic, cryptography, fastapi

Successfully installed annotated-doc-0.0.5 annotated-types-0.8.0 anyio-4.14.2 cffi-2.1.1 cryptography-50.0.1 fastapi-0.141.1 idna-3.19 pycparser-3.0 pydantic-2.13.5 pydantic-core-2.46.5 starlette-1.6.0 typing-extensions-4.16.0 typing-inspection-0.4.4
